// Vitest Snapshot v1, https://vitest.dev/guide/snapshot.html

exports[`Card component > renders structure 1`] = `
<DocumentFragment>
  <section
    class="card "
    style="container-type: inline-size; container-name: card;"
  >
    <header
      style="display: flex; align-items: center; justify-content: space-between; gap: 12px; flex-wrap: wrap;"
    >
      <div>
        <div
          class="card-title"
        >
          Title
        </div>
        <div
          class="card-sub"
        >
          Sub
        </div>
      </div>
      <div
        class="actions"
        style="display: flex; gap: 8px; flex-wrap: wrap;"
      >
        <button>
          Act
        </button>
      </div>
    </header>
    <div>
      Content
    </div>
  </section>
</DocumentFragment>
`;
